C51 COMPILER V7.06   INTERRUPT_ISR                                                         08/13/2010 10:00:44 PAGE 1   


C51 COMPILER V7.06, COMPILATION OF MODULE INTERRUPT_ISR
OBJECT MODULE PLACED IN Interrupt_ISR.OBJ
COMPILER INVOKED BY: d:\Keil\C51\BIN\C51.EXE Interrupt_ISR.c BROWSE DEBUG OBJECTEXTEND

stmt level    source

   1          //#include "main.h"
   2          #include "compiler_defs.h"
   3          #include "C8051F500_defs.h"            // SFR declarations
   4          #include "parameter_defs.h"
   5          #include "Function_defs.h"
   6          #include "stdio.h"
   7          #include "Interrupt_ISR.h"
   8          #include "Precision_Calibration.h"
   9          #include "math.h"
  10          
  11          //-----------------------------------------------------------------------------
  12          // CAN0_ISR
  13          //-----------------------------------------------------------------------------
  14          
  15          
  16          
  17          INTERRUPT(Timer2_ISR, INTERRUPT_TIMER2)
  18          {
  19   1              static U8 cc=0;
  20   1         TF2H = 0;                           // Clear Timer2 interrupt flag
  21   1       //  RX_OK = 1;
  22   1              
  23   1         if(Time_Mode==1)
  24   1         {
  25   2                      
  26   2                      if(Counter<Cycle_Time_Value)
  27   2                      {
  28   3                              if(cc == 10)
  29   3                              {
  30   4                                      cc = 0;
  31   4                                      Counter++;
  32   4                              }
  33   3                              else
  34   3                                      cc++;
  35   3                      }
  36   2                      else
  37   2                      {
  38   3                              TX_OK = 1;
  39   3        
  40   3                              Counter = 0;
  41   3                      }
  42   2         }
  43   1      }
  44          
  45          //-----------------------------------------------------------------------------
  46          // ADC0_ISR
  47          //-----------------------------------------------------------------------------
  48          
  49          //-----------------------------------------------------------------------------
  50          // End Of File
  51          //-----------------------------------------------------------------------------


MODULE INFORMATION:   STATIC OVERLAYABLE
   CODE SIZE        =     97    ----
C51 COMPILER V7.06   INTERRUPT_ISR                                                         08/13/2010 10:00:44 PAGE 2   

   CONSTANT SIZE    =   ----    ----
   XDATA SIZE       =   ----    ----
   PDATA SIZE       =   ----    ----
   DATA SIZE        =      1    ----
   IDATA SIZE       =   ----    ----
   BIT SIZE         =   ----    ----
END OF MODULE INFORMATION.


C51 COMPILATION COMPLETE.  0 WARNING(S),  0 ERROR(S)
